convex/agents/clientSuccess.ts(37,7): error TS2769: No overload matches this call.
  The last overload gave the following error.
    Type '(params: any) => Promise<{ healthScore: number; riskLevel: "low" | "medium" | "high"; keySignals: string[]; recommendedAction: string; }>' is not assignable to type 'undefined'.
convex/agents/projectOrchestrator.ts(35,7): error TS2769: No overload matches this call.
  The last overload gave the following error.
    Type '({ projectName, riskType, severity, internalSummary }: { projectName: any; riskType: any; severity: any; internalSummary: any; }) => Promise<{ clientSummary: string; }>' is not assignable to type 'undefined'.
convex/agents/projectOrchestrator.ts(35,25): error TS7031: Binding element 'projectName' implicitly has an 'any' type.
convex/agents/projectOrchestrator.ts(35,38): error TS7031: Binding element 'riskType' implicitly has an 'any' type.
convex/agents/projectOrchestrator.ts(35,48): error TS7031: Binding element 'severity' implicitly has an 'any' type.
convex/agents/projectOrchestrator.ts(35,58): error TS7031: Binding element 'internalSummary' implicitly has an 'any' type.
convex/ai.ts(8,25): error TS6133: 'args' is declared but its value is never read.
convex/ai.ts(28,27): error TS2345: Argument of type 'string' is not assignable to parameter of type 'never'.
convex/ai.ts(51,27): error TS2345: Argument of type 'string' is not assignable to parameter of type 'never'.
convex/convex.config.ts(6,3): error TS2353: Object literal may only specify known properties, and 'agent' does not exist in type '{ httpPrefix?: string | undefined; }'.
convex/riskWorkflow.ts(20,70): error TS2339: Property 'getProjectMetrics' does not exist on type '{ projectRiskWorkflow: FunctionReference<"mutation", "internal", WorkflowArgs<{ projectId: VId<Id<"projects">, "required">; workspaceId: VId<Id<"workspaces">, "required">; pmEmail: VString<string, "required">; }>, any, string | undefined>; createRiskThread: FunctionReference<...>; generateProjectRiskPlan: FunctionRe...'.
convex/riskWorkflow.ts(40,70): error TS2339: Property 'getProjectMetrics' does not exist on type '{ projectRiskWorkflow: FunctionReference<"mutation", "internal", WorkflowArgs<{ projectId: VId<Id<"projects">, "required">; workspaceId: VId<Id<"workspaces">, "required">; pmEmail: VString<string, "required">; }>, any, string | undefined>; createRiskThread: FunctionReference<...>; generateProjectRiskPlan: FunctionRe...'.
convex/riskWorkflow.ts(48,39): error TS2339: Property 'notifications' does not exist on type '{ auth: { store: FunctionReference<"mutation", "internal", { args: { sessionId?: Id<"authSessions"> | undefined; type: "signIn"; userId: Id<"users">; generateTokens: boolean; } | { type: "signOut"; } | ... 9 more ... | { ...; }; }, string | ... 3 more ... | null, string | undefined>; }; riskWorkflow: { ...; }; }'.
convex/riskWorkflow.ts(127,51): error TS2339: Property 'projects' does not exist on type '{ auth: { store: FunctionReference<"mutation", "internal", { args: { sessionId?: Id<"authSessions"> | undefined; type: "signIn"; userId: Id<"users">; generateTokens: boolean; } | { type: "signOut"; } | ... 9 more ... | { ...; }; }, string | ... 3 more ... | null, string | undefined>; }; riskWorkflow: { ...; }; }'.
convex/riskWorkflow.ts(128,62): error TS2339: Property 'getProjectMetrics' does not exist on type '{ projectRiskWorkflow: FunctionReference<"mutation", "internal", WorkflowArgs<{ projectId: VId<Id<"projects">, "required">; workspaceId: VId<Id<"workspaces">, "required">; pmEmail: VString<string, "required">; }>, any, string | undefined>; createRiskThread: FunctionReference<...>; generateProjectRiskPlan: FunctionRe...'.
convex/riskWorkflow.ts(129,60): error TS2339: Property 'getRecentProjectNotes' does not exist on type '{ projectRiskWorkflow: FunctionReference<"mutation", "internal", WorkflowArgs<{ projectId: VId<Id<"projects">, "required">; workspaceId: VId<Id<"workspaces">, "required">; pmEmail: VString<string, "required">; }>, any, string | undefined>; createRiskThread: FunctionReference<...>; generateProjectRiskPlan: FunctionRe...'.
convex/riskWorkflow.ts(177,55): error TS2339: Property 'riskFlags' does not exist on type '{ auth: { store: FunctionReference<"mutation", "internal", { args: { sessionId?: Id<"authSessions"> | undefined; type: "signIn"; userId: Id<"users">; generateTokens: boolean; } | { type: "signOut"; } | ... 9 more ... | { ...; }; }, string | ... 3 more ... | null, string | undefined>; }; riskWorkflow: { ...; }; }'.
convex/riskWorkflow.ts(187,36): error TS2339: Property 'projects' does not exist on type '{ auth: { store: FunctionReference<"mutation", "internal", { args: { sessionId?: Id<"authSessions"> | undefined; type: "signIn"; userId: Id<"users">; generateTokens: boolean; } | { type: "signOut"; } | ... 9 more ... | { ...; }; }, string | ... 3 more ... | null, string | undefined>; }; riskWorkflow: { ...; }; }'.
convex/riskWorkflow.ts(195,38): error TS2339: Property 'tasks' does not exist on type '{ auth: { store: FunctionReference<"mutation", "internal", { args: { sessionId?: Id<"authSessions"> | undefined; type: "signIn"; userId: Id<"users">; generateTokens: boolean; } | { type: "signOut"; } | ... 9 more ... | { ...; }; }, string | ... 3 more ... | null, string | undefined>; }; riskWorkflow: { ...; }; }'.
convex/riskWorkflow.ts(206,36): error TS2339: Property 'aiSummaries' does not exist on type '{ auth: { store: FunctionReference<"mutation", "internal", { args: { sessionId?: Id<"authSessions"> | undefined; type: "signIn"; userId: Id<"users">; generateTokens: boolean; } | { type: "signOut"; } | ... 9 more ... | { ...; }; }, string | ... 3 more ... | null, string | undefined>; }; riskWorkflow: { ...; }; }'.
convex/riskWorkflow.ts(214,36): error TS2339: Property 'notifications' does not exist on type '{ auth: { store: FunctionReference<"mutation", "internal", { args: { sessionId?: Id<"authSessions"> | undefined; type: "signIn"; userId: Id<"users">; generateTokens: boolean; } | { type: "signOut"; } | ... 9 more ... | { ...; }; }, string | ... 3 more ... | null, string | undefined>; }; riskWorkflow: { ...; }; }'.
convex/riskWorkflow.ts(259,63): error TS2339: Property 'getActiveProjects' does not exist on type '{ projectRiskWorkflow: FunctionReference<"mutation", "internal", WorkflowArgs<{ projectId: VId<Id<"projects">, "required">; workspaceId: VId<Id<"workspaces">, "required">; pmEmail: VString<string, "required">; }>, any, string | undefined>; createRiskThread: FunctionReference<...>; generateProjectRiskPlan: FunctionRe...'.
src/components/landing/DashboardPreview.tsx(3,10): error TS6133: 'TrendingDown' is declared but its value is never read.
src/modules/app/Approvals.tsx(20,20): error TS2554: Expected 2 arguments, but got 1.
src/modules/app/Approvals.tsx(21,19): error TS2554: Expected 2 arguments, but got 1.
src/modules/app/Billing.tsx(9,1): error TS6133: 'Doc' is declared but its value is never read.
src/modules/app/Billing.tsx(131,19): error TS2554: Expected 2 arguments, but got 1.
src/modules/app/Clients.tsx(42,19): error TS2554: Expected 2 arguments, but got 1.
src/modules/app/Clients.tsx(56,21): error TS2345: Argument of type '{ company: string; contact: string; email: string; status: ClientStatus; }' is not assignable to parameter of type '{ workspaceId: Id<"workspaces">; status: string; company: string; contact: string; email: string; }'.
  Property 'workspaceId' is missing in type '{ company: string; contact: string; email: string; status: ClientStatus; }' but required in type '{ workspaceId: Id<"workspaces">; status: string; company: string; contact: string; email: string; }'.
src/modules/app/Dashboard.tsx(139,22): error TS2554: Expected 2 arguments, but got 1.
src/modules/app/Dashboard.tsx(145,42): error TS2345: Argument of type '"skip" | { workspaceId: Id<"workspaces">; }' is not assignable to parameter of type 'EmptyObject | "skip" | undefined'.
  Type '{ workspaceId: Id<"workspaces">; }' is not assignable to type 'EmptyObject | "skip" | undefined'.
    Types of property 'workspaceId' are incompatible.
      Type 'Id<"workspaces">' is not assignable to type 'undefined'.
src/modules/app/Finance.tsx(9,1): error TS6133: 'motion' is declared but its value is never read.
src/modules/app/Finance.tsx(12,1): error TS6133: 'Id' is declared but its value is never read.
src/modules/app/Finance.tsx(18,23): error TS2304: Cannot find name 'useLang'.
src/modules/app/Pipeline.tsx(162,17): error TS7053: Element implicitly has an 'any' type because expression of type 'any' can't be used to index type 'Partial<Record<DealStage, string>>'.
src/modules/app/Projects.tsx(37,20): error TS2554: Expected 2 arguments, but got 1.
src/modules/app/Projects.tsx(38,19): error TS2554: Expected 2 arguments, but got 1.
src/modules/app/Projects.tsx(50,25): error TS2345: Argument of type '{ name: string; clientName: string; status: string; dueDate: string; budget: number; }' is not assignable to parameter of type '{ description?: string | undefined; name: string; workspaceId: Id<"workspaces">; clientName: string; status: string; dueDate: string; budget: number; }'.
  Property 'workspaceId' is missing in type '{ name: string; clientName: string; status: string; dueDate: string; budget: number; }' but required in type '{ description?: string | undefined; name: string; workspaceId: Id<"workspaces">; clientName: string; status: string; dueDate: string; budget: number; }'.
src/modules/app/Reports.tsx(71,19): error TS2554: Expected 2 arguments, but got 1.
src/modules/app/Reports.tsx(73,36): error TS2339: Property 'list' does not exist on type '{ get: FunctionReference<"query", "public", { workspaceId: Id<"workspaces">; }, { _id: Id<"tasks">; _creationTime: number; workspaceId?: Id<"workspaces"> | undefined; status: string; dueDate: string; projectId: Id<...>; title: string; priority: string; assignee: string; }[], string | undefined>; create: FunctionRefe...'.
